Copyright 1986-2022 Xilinx, Inc. All Rights Reserved.
---------------------------------------------------------------------------------------------
| Tool Version : Vivado v.2022.2 (win64) Build 3671981 Fri Oct 14 05:00:03 MDT 2022
| Date         : Sun Apr  5 23:27:18 2026
| Host         : arc running 64-bit major release  (build 9200)
| Command      : report_timing -file C:/Users/mini9/Desktop/NPU/initial_v2_Claude/timing.rpt
| Design       : design_1_wrapper
| Device       : 7z020-clg400
| Speed File   : -1  PRODUCTION 1.12 2019-11-22
---------------------------------------------------------------------------------------------

Timing Report

Slack (VIOLATED) :        -0.188ns  (required time - arrival time)
  Source:                 design_1_i/NPU_Wrapper_0/inst/npu/sa/ROWS[2].COLS[0].pe_inst/a_reg_reg[3]/C
                            (rising edge-triggered cell FDRE clocked by clk_fpga_0  {rise@0.000ns fall@5.000ns period=10.000ns})
  Destination:            design_1_i/NPU_Wrapper_0/inst/npu/sa/ROWS[2].COLS[0].pe_inst/sum_reg[0]/D
                            (rising edge-triggered cell FDRE clocked by clk_fpga_0  {rise@0.000ns fall@5.000ns period=10.000ns})
  Path Group:             clk_fpga_0
  Path Type:              Setup (Max at Slow Process Corner)
  Requirement:            10.000ns  (clk_fpga_0 rise@10.000ns - clk_fpga_0 rise@0.000ns)
  Data Path Delay:        10.051ns  (logic 4.840ns (48.153%)  route 5.211ns (51.847%))
  Logic Levels:           13  (CARRY4=7 LUT2=2 LUT3=2 LUT4=1 LUT6=1)
  Clock Path Skew:        -0.060ns (DCD - SCD + CPR)
    Destination Clock Delay (DCD):    2.789ns = ( 12.789 - 10.000 ) 
    Source Clock Delay      (SCD):    3.078ns
    Clock Pessimism Removal (CPR):    0.229ns
  Clock Uncertainty:      0.154ns  ((TSJ^2 + TIJ^2)^1/2 + DJ) / 2 + PE
    Total System Jitter     (TSJ):    0.071ns
    Total Input Jitter      (TIJ):    0.300ns
    Discrete Jitter          (DJ):    0.000ns
    Phase Error              (PE):    0.000ns

    Location             Delay type                Incr(ns)  Path(ns)    Netlist Resource(s)
  -------------------------------------------------------------------    -------------------
                         (clock clk_fpga_0 rise edge)
                                                      0.000     0.000 r  
    PS7_X0Y0             PS7                          0.000     0.000 r  design_1_i/processing_system7_0/inst/PS7_i/FCLKCLK[0]
                         net (fo=1, routed)           1.193     1.193    design_1_i/processing_system7_0/inst/FCLK_CLK_unbuffered[0]
    BUFGCTRL_X0Y16       BUFG (Prop_bufg_I_O)         0.101     1.294 r  design_1_i/processing_system7_0/inst/buffer_fclk_clk_0.FCLK_CLK_0_BUFG/O
                         net (fo=1997, routed)        1.784     3.078    design_1_i/NPU_Wrapper_0/inst/npu/sa/ROWS[2].COLS[0].pe_inst/clk
    SLICE_X103Y92        FDRE                                         r  design_1_i/NPU_Wrapper_0/inst/npu/sa/ROWS[2].COLS[0].pe_inst/a_reg_reg[3]/C
  -------------------------------------------------------------------    -------------------
    SLICE_X103Y92        FDRE (Prop_fdre_C_Q)         0.456     3.534 r  design_1_i/NPU_Wrapper_0/inst/npu/sa/ROWS[2].COLS[0].pe_inst/a_reg_reg[3]/Q
                         net (fo=20, routed)          1.091     4.625    design_1_i/NPU_Wrapper_0/inst/npu/sa/ROWS[2].COLS[0].pe_inst/a_reg_reg[7]_0[3]
    SLICE_X102Y87        LUT6 (Prop_lut6_I4_O)        0.124     4.749 r  design_1_i/NPU_Wrapper_0/inst/npu/sa/ROWS[2].COLS[0].pe_inst/sum[0]_i_23__6/O
                         net (fo=1, routed)           0.628     5.376    design_1_i/NPU_Wrapper_0/inst/npu/sa/ROWS[2].COLS[0].pe_inst/sum[0]_i_23__6_n_0
    SLICE_X102Y89        CARRY4 (Prop_carry4_DI[3]_CO[3])
                                                      0.396     5.772 r  design_1_i/NPU_Wrapper_0/inst/npu/sa/ROWS[2].COLS[0].pe_inst/sum_reg[0]_i_15__7/CO[3]
                         net (fo=1, routed)           0.000     5.772    design_1_i/NPU_Wrapper_0/inst/npu/sa/ROWS[2].COLS[0].pe_inst/sum_reg[0]_i_15__7_n_0
    SLICE_X102Y90        CARRY4 (Prop_carry4_CI_O[2])
                                                      0.239     6.011 r  design_1_i/NPU_Wrapper_0/inst/npu/sa/ROWS[2].COLS[0].pe_inst/sum_reg[4]_i_17__7/O[2]
                         net (fo=2, routed)           0.801     6.813    design_1_i/NPU_Wrapper_0/inst_n_235
    SLICE_X104Y90        LUT3 (Prop_lut3_I2_O)        0.330     7.143 r  design_1_i/NPU_Wrapper_0/sum[4]_i_8__7/O
                         net (fo=2, routed)           0.514     7.656    design_1_i/NPU_Wrapper_0/sum[4]_i_8__7_n_0
    SLICE_X104Y90        LUT4 (Prop_lut4_I3_O)        0.331     7.987 r  design_1_i/NPU_Wrapper_0/sum[4]_i_12__7/O
                         net (fo=1, routed)           0.000     7.987    design_1_i/NPU_Wrapper_0/sum[4]_i_12__7_n_0
    SLICE_X104Y90        CARRY4 (Prop_carry4_S[3]_CO[3])
                                                      0.376     8.363 r  design_1_i/NPU_Wrapper_0/sum_reg[4]_i_7__7/CO[3]
                         net (fo=1, routed)           0.000     8.363    design_1_i/NPU_Wrapper_0/sum_reg[4]_i_7__7_n_0
    SLICE_X104Y91        CARRY4 (Prop_carry4_CI_O[1])
                                                      0.323     8.686 r  design_1_i/NPU_Wrapper_0/sum_reg[8]_i_7__7/O[1]
                         net (fo=1, routed)           0.628     9.314    design_1_i/NPU_Wrapper_0/inst/npu/sa/ROWS[2].COLS[0].pe_inst/sum_reg[8]_i_2__7_0[1]
    SLICE_X105Y96        LUT2 (Prop_lut2_I1_O)        0.306     9.620 r  design_1_i/NPU_Wrapper_0/inst/npu/sa/ROWS[2].COLS[0].pe_inst/sum[8]_i_5__7/O
                         net (fo=1, routed)           0.000     9.620    design_1_i/NPU_Wrapper_0/inst/npu/sa/ROWS[2].COLS[0].pe_inst/sum[8]_i_5__7_n_0
    SLICE_X105Y96        CARRY4 (Prop_carry4_S[1]_CO[3])
                                                      0.550    10.170 r  design_1_i/NPU_Wrapper_0/inst/npu/sa/ROWS[2].COLS[0].pe_inst/sum_reg[8]_i_2__7/CO[3]
                         net (fo=1, routed)           0.000    10.170    design_1_i/NPU_Wrapper_0/inst/npu/sa/ROWS[2].COLS[0].pe_inst/sum_reg[8]_i_2__7_n_0
    SLICE_X105Y97        CARRY4 (Prop_carry4_CI_O[3])
                                                      0.313    10.483 f  design_1_i/NPU_Wrapper_0/inst/npu/sa/ROWS[2].COLS[0].pe_inst/sum_reg[12]_i_2__7/O[3]
                         net (fo=5, routed)           0.729    11.212    design_1_i/NPU_Wrapper_0/inst/npu/sa/ROWS[2].COLS[0].pe_inst/sum_reg[12]_i_2__7_n_4
    SLICE_X102Y98        LUT2 (Prop_lut2_I1_O)        0.306    11.518 r  design_1_i/NPU_Wrapper_0/inst/npu/sa/ROWS[2].COLS[0].pe_inst/sum[0]_i_6__6/O
                         net (fo=1, routed)           0.000    11.518    design_1_i/NPU_Wrapper_0/inst/npu/sa/ROWS[2].COLS[0].pe_inst/sum[0]_i_6__6_n_0
    SLICE_X102Y98        CARRY4 (Prop_carry4_S[0]_CO[1])
                                                      0.458    11.976 r  design_1_i/NPU_Wrapper_0/inst/npu/sa/ROWS[2].COLS[0].pe_inst/sum_reg[0]_i_2__6/CO[1]
                         net (fo=16, routed)          0.821    12.797    design_1_i/NPU_Wrapper_0/inst/npu/sa/ROWS[2].COLS[0].pe_inst/sat_add_1610_in
    SLICE_X104Y98        LUT3 (Prop_lut3_I0_O)        0.332    13.129 r  design_1_i/NPU_Wrapper_0/inst/npu/sa/ROWS[2].COLS[0].pe_inst/sum[0]_i_1__6/O
                         net (fo=1, routed)           0.000    13.129    design_1_i/NPU_Wrapper_0/inst/npu/sa/ROWS[2].COLS[0].pe_inst/sum[0]_i_1__6_n_0
    SLICE_X104Y98        FDRE                                         r  design_1_i/NPU_Wrapper_0/inst/npu/sa/ROWS[2].COLS[0].pe_inst/sum_reg[0]/D
  -------------------------------------------------------------------    -------------------

                         (clock clk_fpga_0 rise edge)
                                                     10.000    10.000 r  
    PS7_X0Y0             PS7                          0.000    10.000 r  design_1_i/processing_system7_0/inst/PS7_i/FCLKCLK[0]
                         net (fo=1, routed)           1.088    11.088    design_1_i/processing_system7_0/inst/FCLK_CLK_unbuffered[0]
    BUFGCTRL_X0Y16       BUFG (Prop_bufg_I_O)         0.091    11.179 r  design_1_i/processing_system7_0/inst/buffer_fclk_clk_0.FCLK_CLK_0_BUFG/O
                         net (fo=1997, routed)        1.610    12.789    design_1_i/NPU_Wrapper_0/inst/npu/sa/ROWS[2].COLS[0].pe_inst/clk
    SLICE_X104Y98        FDRE                                         r  design_1_i/NPU_Wrapper_0/inst/npu/sa/ROWS[2].COLS[0].pe_inst/sum_reg[0]/C
                         clock pessimism              0.229    13.018    
                         clock uncertainty           -0.154    12.864    
    SLICE_X104Y98        FDRE (Setup_fdre_C_D)        0.077    12.941    design_1_i/NPU_Wrapper_0/inst/npu/sa/ROWS[2].COLS[0].pe_inst/sum_reg[0]
  -------------------------------------------------------------------
                         required time                         12.941    
                         arrival time                         -13.129    
  -------------------------------------------------------------------
                         slack                                 -0.188    




