Copyright 1986-2022 Xilinx, Inc. All Rights Reserved.
---------------------------------------------------------------------------------------------------------------------------
| Tool Version : Vivado v.2022.2 (win64) Build 3671981 Fri Oct 14 05:00:03 MDT 2022
| Date         : Sun Apr  5 23:00:56 2026
| Host         : arc running 64-bit major release  (build 9200)
| Command      : report_utilization -hierarchical -file c:/Users/mini9/Desktop/NPU/initial_v2_Claude/util_REF_syn_hier.rpt
| Design       : design_1_wrapper
| Device       : xc7z020clg400-1
| Speed File   : -1
| Design State : Synthesized
---------------------------------------------------------------------------------------------------------------------------

Utilization Design Information

Table of Contents
-----------------
1. Utilization by Hierarchy

1. Utilization by Hierarchy
---------------------------

+------------------------------------------------------+-----------------------------------------------------------------------------------+------------+------------+---------+------+------+--------+--------+------------+
|                       Instance                       |                                       Module                                      | Total LUTs | Logic LUTs | LUTRAMs | SRLs |  FFs | RAMB36 | RAMB18 | DSP Blocks |
+------------------------------------------------------+-----------------------------------------------------------------------------------+------------+------------+---------+------+------+--------+--------+------------+
| design_1_wrapper                                     |                                                                             (top) |       7956 |       7890 |       0 |   66 | 4314 |      0 |     53 |          0 |
|   (design_1_wrapper)                                 |                                                                             (top) |          0 |          0 |       0 |    0 |    0 |      0 |      0 |          0 |
|   design_1_i                                         |                                                                          design_1 |       7956 |       7890 |       0 |   66 | 4314 |      0 |     53 |          0 |
|     (design_1_i)                                     |                                                                          design_1 |          0 |          0 |       0 |    0 |    0 |      0 |      0 |          0 |
|     processing_system7_0                             |                                                   design_1_processing_system7_0_0 |         24 |         24 |       0 |    0 |    0 |      0 |      0 |          0 |
|       (processing_system7_0)                         |                                                   design_1_processing_system7_0_0 |          0 |          0 |       0 |    0 |    0 |      0 |      0 |          0 |
|       inst                                           |        design_1_processing_system7_0_0_processing_system7_v5_5_processing_system7 |         24 |         24 |       0 |    0 |    0 |      0 |      0 |          0 |
|     ps7_0_axi_periph                                 |                                                       design_1_ps7_0_axi_periph_0 |        421 |        356 |       0 |   65 |  562 |      0 |      0 |          0 |
|       (ps7_0_axi_periph)                             |                                                       design_1_ps7_0_axi_periph_0 |          0 |          0 |       0 |    0 |    0 |      0 |      0 |          0 |
|       s00_couplers                                   |                                                           s00_couplers_imp_UYSKKA |        421 |        356 |       0 |   65 |  562 |      0 |      0 |          0 |
|         auto_pc                                      |                                                                design_1_auto_pc_0 |        421 |        356 |       0 |   65 |  562 |      0 |      0 |          0 |
|           (auto_pc)                                  |                                                                design_1_auto_pc_0 |          0 |          0 |       0 |    0 |    0 |      0 |      0 |          0 |
|           inst                                       |          design_1_auto_pc_0_axi_protocol_converter_v2_1_27_axi_protocol_converter |        421 |        356 |       0 |   65 |  562 |      0 |      0 |          0 |
|             (inst)                                   |          design_1_auto_pc_0_axi_protocol_converter_v2_1_27_axi_protocol_converter |          0 |          0 |       0 |    0 |    0 |      0 |      0 |          0 |
|             gen_axilite.gen_b2s_conv.axilite_b2s     |                             design_1_auto_pc_0_axi_protocol_converter_v2_1_27_b2s |        421 |        356 |       0 |   65 |  562 |      0 |      0 |          0 |
|               (gen_axilite.gen_b2s_conv.axilite_b2s) |                             design_1_auto_pc_0_axi_protocol_converter_v2_1_27_b2s |          1 |          1 |       0 |    0 |    1 |      0 |      0 |          0 |
|               RD.ar_channel_0                        |                  design_1_auto_pc_0_axi_protocol_converter_v2_1_27_b2s_ar_channel |         68 |         68 |       0 |    0 |   82 |      0 |      0 |          0 |
|                 (RD.ar_channel_0)                    |                  design_1_auto_pc_0_axi_protocol_converter_v2_1_27_b2s_ar_channel |          0 |          0 |       0 |    0 |   12 |      0 |      0 |          0 |
|                 ar_cmd_fsm_0                         |                  design_1_auto_pc_0_axi_protocol_converter_v2_1_27_b2s_rd_cmd_fsm |         36 |         36 |       0 |    0 |    2 |      0 |      0 |          0 |
|                 cmd_translator_0                     |            design_1_auto_pc_0_axi_protocol_converter_v2_1_27_b2s_cmd_translator_1 |         32 |         32 |       0 |    0 |   68 |      0 |      0 |          0 |
|                   (cmd_translator_0)                 |            design_1_auto_pc_0_axi_protocol_converter_v2_1_27_b2s_cmd_translator_1 |          1 |          1 |       0 |    0 |    3 |      0 |      0 |          0 |
|                   incr_cmd_0                         |                  design_1_auto_pc_0_axi_protocol_converter_v2_1_27_b2s_incr_cmd_2 |         21 |         21 |       0 |    0 |   22 |      0 |      0 |          0 |
|                   wrap_cmd_0                         |                  design_1_auto_pc_0_axi_protocol_converter_v2_1_27_b2s_wrap_cmd_3 |         10 |         10 |       0 |    0 |   43 |      0 |      0 |          0 |
|               RD.r_channel_0                         |                   design_1_auto_pc_0_axi_protocol_converter_v2_1_27_b2s_r_channel |         62 |         15 |       0 |   47 |   24 |      0 |      0 |          0 |
|                 (RD.r_channel_0)                     |                   design_1_auto_pc_0_axi_protocol_converter_v2_1_27_b2s_r_channel |          0 |          0 |       0 |    0 |   14 |      0 |      0 |          0 |
|                 rd_data_fifo_0                       | design_1_auto_pc_0_axi_protocol_converter_v2_1_27_b2s_simple_fifo__parameterized1 |         43 |          9 |       0 |   34 |    5 |      0 |      0 |          0 |
|                 transaction_fifo_0                   | design_1_auto_pc_0_axi_protocol_converter_v2_1_27_b2s_simple_fifo__parameterized2 |         19 |          6 |       0 |   13 |    5 |      0 |      0 |          0 |
|               SI_REG                                 |                  design_1_auto_pc_0_axi_register_slice_v2_1_27_axi_register_slice |        177 |        177 |       0 |    0 |  352 |      0 |      0 |          0 |
|                 ar.ar_pipe                           |                 design_1_auto_pc_0_axi_register_slice_v2_1_27_axic_register_slice |         68 |         68 |       0 |    0 |  113 |      0 |      0 |          0 |
|                 aw.aw_pipe                           |               design_1_auto_pc_0_axi_register_slice_v2_1_27_axic_register_slice_0 |         72 |         72 |       0 |    0 |  113 |      0 |      0 |          0 |
|                 b.b_pipe                             | design_1_auto_pc_0_axi_register_slice_v2_1_27_axic_register_slice__parameterized1 |         10 |         10 |       0 |    0 |   30 |      0 |      0 |          0 |
|                 r.r_pipe                             | design_1_auto_pc_0_axi_register_slice_v2_1_27_axic_register_slice__parameterized2 |         27 |         27 |       0 |    0 |   96 |      0 |      0 |          0 |
|               WR.aw_channel_0                        |                  design_1_auto_pc_0_axi_protocol_converter_v2_1_27_b2s_aw_channel |         77 |         77 |       0 |    0 |   86 |      0 |      0 |          0 |
|                 (WR.aw_channel_0)                    |                  design_1_auto_pc_0_axi_protocol_converter_v2_1_27_b2s_aw_channel |          0 |          0 |       0 |    0 |   16 |      0 |      0 |          0 |
|                 aw_cmd_fsm_0                         |                  design_1_auto_pc_0_axi_protocol_converter_v2_1_27_b2s_wr_cmd_fsm |         44 |         44 |       0 |    0 |    2 |      0 |      0 |          0 |
|                 cmd_translator_0                     |              design_1_auto_pc_0_axi_protocol_converter_v2_1_27_b2s_cmd_translator |         33 |         33 |       0 |    0 |   68 |      0 |      0 |          0 |
|                   (cmd_translator_0)                 |              design_1_auto_pc_0_axi_protocol_converter_v2_1_27_b2s_cmd_translator |          1 |          1 |       0 |    0 |    3 |      0 |      0 |          0 |
|                   incr_cmd_0                         |                    design_1_auto_pc_0_axi_protocol_converter_v2_1_27_b2s_incr_cmd |         22 |         22 |       0 |    0 |   22 |      0 |      0 |          0 |
|                   wrap_cmd_0                         |                    design_1_auto_pc_0_axi_protocol_converter_v2_1_27_b2s_wrap_cmd |         10 |         10 |       0 |    0 |   43 |      0 |      0 |          0 |
|               WR.b_channel_0                         |                   design_1_auto_pc_0_axi_protocol_converter_v2_1_27_b2s_b_channel |         39 |         21 |       0 |   18 |   17 |      0 |      0 |          0 |
|                 (WR.b_channel_0)                     |                   design_1_auto_pc_0_axi_protocol_converter_v2_1_27_b2s_b_channel |          8 |          8 |       0 |    0 |   13 |      0 |      0 |          0 |
|                 bid_fifo_0                           |                 design_1_auto_pc_0_axi_protocol_converter_v2_1_27_b2s_simple_fifo |         25 |          9 |       0 |   16 |    2 |      0 |      0 |          0 |
|                 bresp_fifo_0                         | design_1_auto_pc_0_axi_protocol_converter_v2_1_27_b2s_simple_fifo__parameterized0 |          6 |          4 |       0 |    2 |    2 |      0 |      0 |          0 |
|     rst_ps7_0_100M                                   |                                                         design_1_rst_ps7_0_100M_0 |         19 |         18 |       0 |    1 |   40 |      0 |      0 |          0 |
|       U0                                             |                                          design_1_rst_ps7_0_100M_0_proc_sys_reset |         19 |         18 |       0 |    1 |   40 |      0 |      0 |          0 |
|         (U0)                                         |                                          design_1_rst_ps7_0_100M_0_proc_sys_reset |          0 |          0 |       0 |    0 |    5 |      0 |      0 |          0 |
|         EXT_LPF                                      |                                                     design_1_rst_ps7_0_100M_0_lpf |          6 |          5 |       0 |    1 |   17 |      0 |      0 |          0 |
|           (EXT_LPF)                                  |                                                     design_1_rst_ps7_0_100M_0_lpf |          2 |          1 |       0 |    1 |    9 |      0 |      0 |          0 |
|           ACTIVE_LOW_AUX.ACT_LO_AUX                  |                                                design_1_rst_ps7_0_100M_0_cdc_sync |          2 |          2 |       0 |    0 |    4 |      0 |      0 |          0 |
|           ACTIVE_LOW_EXT.ACT_LO_EXT                  |                                              design_1_rst_ps7_0_100M_0_cdc_sync_0 |          2 |          2 |       0 |    0 |    4 |      0 |      0 |          0 |
|         SEQ                                          |                                            design_1_rst_ps7_0_100M_0_sequence_psr |         13 |         13 |       0 |    0 |   18 |      0 |      0 |          0 |
|           (SEQ)                                      |                                            design_1_rst_ps7_0_100M_0_sequence_psr |          8 |          8 |       0 |    0 |   12 |      0 |      0 |          0 |
|           SEQ_COUNTER                                |                                                 design_1_rst_ps7_0_100M_0_upcnt_n |          5 |          5 |       0 |    0 |    6 |      0 |      0 |          0 |
|     zyNet_0                                          |                                                                design_1_zyNet_0_0 |       7492 |       7492 |       0 |    0 | 3712 |      0 |     53 |          0 |
|       (zyNet_0)                                      |                                                                design_1_zyNet_0_0 |          0 |          0 |       0 |    0 |    0 |      0 |      0 |          0 |
|       inst                                           |                                                          design_1_zyNet_0_0_zyNet |       7492 |       7492 |       0 |    0 | 3712 |      0 |     53 |          0 |
|         (inst)                                       |                                                          design_1_zyNet_0_0_zyNet |         23 |         23 |       0 |    0 |  550 |      0 |      0 |          0 |
|         alw                                          |                                               design_1_zyNet_0_0_axi_lite_wrapper |        116 |        116 |       0 |    0 |  240 |      0 |      0 |          0 |
|         l1                                           |                                                        design_1_zyNet_0_0_Layer_1 |       3899 |       3899 |       0 |    0 | 1357 |      0 |     38 |          0 |
|           n_0                                        |                                                         design_1_zyNet_0_0_neuron |        646 |        646 |       0 |    0 |   81 |      0 |      1 |          0 |
|             (n_0)                                    |                                                         design_1_zyNet_0_0_neuron |        498 |        498 |       0 |    0 |   75 |      0 |      0 |          0 |
|             WM                                       |                                                  design_1_zyNet_0_0_Weight_Memory |        139 |        139 |       0 |    0 |    6 |      0 |      0 |          0 |
|             siginst.s1                               |                                                     design_1_zyNet_0_0_Sig_ROM_28 |          9 |          9 |       0 |    0 |    0 |      0 |      1 |          0 |
|           n_1                                        |                                         design_1_zyNet_0_0_neuron__parameterized0 |         91 |         91 |       0 |    0 |   43 |      0 |      1 |          0 |
|           n_10                                       |                                         design_1_zyNet_0_0_neuron__parameterized9 |         97 |         97 |       0 |    0 |   42 |      0 |      2 |          0 |
|             (n_10)                                   |                                         design_1_zyNet_0_0_neuron__parameterized9 |         88 |         88 |       0 |    0 |   42 |      0 |      1 |          0 |
|             siginst.s1                               |                                                     design_1_zyNet_0_0_Sig_ROM_27 |          9 |          9 |       0 |    0 |    0 |      0 |      1 |          0 |
|           n_11                                       |                                        design_1_zyNet_0_0_neuron__parameterized10 |        115 |        115 |       0 |    0 |   44 |      0 |      1 |          0 |
|           n_12                                       |                                        design_1_zyNet_0_0_neuron__parameterized11 |         98 |         98 |       0 |    0 |   42 |      0 |      2 |          0 |
|             (n_12)                                   |                                        design_1_zyNet_0_0_neuron__parameterized11 |         89 |         89 |       0 |    0 |   42 |      0 |      1 |          0 |
|             siginst.s1                               |                                                     design_1_zyNet_0_0_Sig_ROM_26 |          9 |          9 |       0 |    0 |    0 |      0 |      1 |          0 |
|           n_13                                       |                                        design_1_zyNet_0_0_neuron__parameterized12 |         94 |         94 |       0 |    0 |   42 |      0 |      1 |          0 |
|           n_14                                       |                                        design_1_zyNet_0_0_neuron__parameterized13 |        103 |        103 |       0 |    0 |   42 |      0 |      2 |          0 |
|             (n_14)                                   |                                        design_1_zyNet_0_0_neuron__parameterized13 |         94 |         94 |       0 |    0 |   42 |      0 |      1 |          0 |
|             siginst.s1                               |                                                     design_1_zyNet_0_0_Sig_ROM_25 |          9 |          9 |       0 |    0 |    0 |      0 |      1 |          0 |
|           n_15                                       |                                        design_1_zyNet_0_0_neuron__parameterized14 |        168 |        168 |       0 |    0 |   50 |      0 |      0 |          0 |
|             (n_15)                                   |                                        design_1_zyNet_0_0_neuron__parameterized14 |         64 |         64 |       0 |    0 |   45 |      0 |      0 |          0 |
|             WM                                       |                                 design_1_zyNet_0_0_Weight_Memory__parameterized14 |        104 |        104 |       0 |    0 |    5 |      0 |      0 |          0 |
|           n_16                                       |                                        design_1_zyNet_0_0_neuron__parameterized15 |         99 |         99 |       0 |    0 |   43 |      0 |      2 |          0 |
|             (n_16)                                   |                                        design_1_zyNet_0_0_neuron__parameterized15 |         90 |         90 |       0 |    0 |   43 |      0 |      1 |          0 |
|             siginst.s1                               |                                                     design_1_zyNet_0_0_Sig_ROM_24 |          9 |          9 |       0 |    0 |    0 |      0 |      1 |          0 |
|           n_17                                       |                                        design_1_zyNet_0_0_neuron__parameterized16 |         94 |         94 |       0 |    0 |   42 |      0 |      1 |          0 |
|           n_18                                       |                                        design_1_zyNet_0_0_neuron__parameterized17 |        101 |        101 |       0 |    0 |   42 |      0 |      2 |          0 |
|             (n_18)                                   |                                        design_1_zyNet_0_0_neuron__parameterized17 |         92 |         92 |       0 |    0 |   42 |      0 |      1 |          0 |
|             siginst.s1                               |                                                     design_1_zyNet_0_0_Sig_ROM_23 |          9 |          9 |       0 |    0 |    0 |      0 |      1 |          0 |
|           n_19                                       |                                        design_1_zyNet_0_0_neuron__parameterized18 |         89 |         89 |       0 |    0 |   43 |      0 |      1 |          0 |
|           n_2                                        |                                         design_1_zyNet_0_0_neuron__parameterized1 |        101 |        101 |       0 |    0 |   42 |      0 |      2 |          0 |
|             (n_2)                                    |                                         design_1_zyNet_0_0_neuron__parameterized1 |         92 |         92 |       0 |    0 |   42 |      0 |      1 |          0 |
|             siginst.s1                               |                                                     design_1_zyNet_0_0_Sig_ROM_22 |          9 |          9 |       0 |    0 |    0 |      0 |      1 |          0 |
|           n_20                                       |                                        design_1_zyNet_0_0_neuron__parameterized19 |        102 |        102 |       0 |    0 |   42 |      0 |      2 |          0 |
|             (n_20)                                   |                                        design_1_zyNet_0_0_neuron__parameterized19 |         93 |         93 |       0 |    0 |   42 |      0 |      1 |          0 |
|             siginst.s1                               |                                                     design_1_zyNet_0_0_Sig_ROM_21 |          9 |          9 |       0 |    0 |    0 |      0 |      1 |          0 |
|           n_21                                       |                                        design_1_zyNet_0_0_neuron__parameterized20 |         89 |         89 |       0 |    0 |   43 |      0 |      1 |          0 |
|           n_22                                       |                                        design_1_zyNet_0_0_neuron__parameterized21 |        101 |        101 |       0 |    0 |   42 |      0 |      2 |          0 |
|             (n_22)                                   |                                        design_1_zyNet_0_0_neuron__parameterized21 |         92 |         92 |       0 |    0 |   42 |      0 |      1 |          0 |
|             siginst.s1                               |                                                     design_1_zyNet_0_0_Sig_ROM_20 |          9 |          9 |       0 |    0 |    0 |      0 |      1 |          0 |
|           n_23                                       |                                        design_1_zyNet_0_0_neuron__parameterized22 |         94 |         94 |       0 |    0 |   42 |      0 |      1 |          0 |
|           n_24                                       |                                        design_1_zyNet_0_0_neuron__parameterized23 |        200 |        200 |       0 |    0 |   51 |      0 |      1 |          0 |
|             (n_24)                                   |                                        design_1_zyNet_0_0_neuron__parameterized23 |         67 |         67 |       0 |    0 |   45 |      0 |      0 |          0 |
|             WM                                       |                                 design_1_zyNet_0_0_Weight_Memory__parameterized23 |        124 |        124 |       0 |    0 |    6 |      0 |      0 |          0 |
|             siginst.s1                               |                                                     design_1_zyNet_0_0_Sig_ROM_19 |          9 |          9 |       0 |    0 |    0 |      0 |      1 |          0 |
|           n_25                                       |                                        design_1_zyNet_0_0_neuron__parameterized24 |         90 |         90 |       0 |    0 |   42 |      0 |      1 |          0 |
|           n_26                                       |                                        design_1_zyNet_0_0_neuron__parameterized25 |        210 |        210 |       0 |    0 |   51 |      0 |      1 |          0 |
|             (n_26)                                   |                                        design_1_zyNet_0_0_neuron__parameterized25 |         67 |         67 |       0 |    0 |   45 |      0 |      0 |          0 |
|             WM                                       |                                 design_1_zyNet_0_0_Weight_Memory__parameterized25 |        134 |        134 |       0 |    0 |    6 |      0 |      0 |          0 |
|             siginst.s1                               |                                                     design_1_zyNet_0_0_Sig_ROM_18 |          9 |          9 |       0 |    0 |    0 |      0 |      1 |          0 |
|           n_27                                       |                                        design_1_zyNet_0_0_neuron__parameterized26 |         93 |         93 |       0 |    0 |   42 |      0 |      1 |          0 |
|           n_28                                       |                                        design_1_zyNet_0_0_neuron__parameterized27 |         92 |         92 |       0 |    0 |   43 |      0 |      2 |          0 |
|             (n_28)                                   |                                        design_1_zyNet_0_0_neuron__parameterized27 |         87 |         87 |       0 |    0 |   43 |      0 |      1 |          0 |
|             siginst.s1                               |                                                     design_1_zyNet_0_0_Sig_ROM_17 |          5 |          5 |       0 |    0 |    0 |      0 |      1 |          0 |
|           n_29                                       |                                        design_1_zyNet_0_0_neuron__parameterized28 |         89 |         89 |       0 |    0 |   43 |      0 |      1 |          0 |
|           n_3                                        |                                         design_1_zyNet_0_0_neuron__parameterized2 |         91 |         91 |       0 |    0 |   42 |      0 |      1 |          0 |
|           n_4                                        |                                         design_1_zyNet_0_0_neuron__parameterized3 |         95 |         95 |       0 |    0 |   42 |      0 |      2 |          0 |
|             (n_4)                                    |                                         design_1_zyNet_0_0_neuron__parameterized3 |         86 |         86 |       0 |    0 |   42 |      0 |      1 |          0 |
|             siginst.s1                               |                                                     design_1_zyNet_0_0_Sig_ROM_16 |          9 |          9 |       0 |    0 |    0 |      0 |      1 |          0 |
|           n_5                                        |                                         design_1_zyNet_0_0_neuron__parameterized4 |         93 |         93 |       0 |    0 |   42 |      0 |      1 |          0 |
|           n_6                                        |                                         design_1_zyNet_0_0_neuron__parameterized5 |        100 |        100 |       0 |    0 |   42 |      0 |      2 |          0 |
|             (n_6)                                    |                                         design_1_zyNet_0_0_neuron__parameterized5 |         91 |         91 |       0 |    0 |   42 |      0 |      1 |          0 |
|             siginst.s1                               |                                                     design_1_zyNet_0_0_Sig_ROM_15 |          9 |          9 |       0 |    0 |    0 |      0 |      1 |          0 |
|           n_7                                        |                                         design_1_zyNet_0_0_neuron__parameterized6 |        174 |        174 |       0 |    0 |   50 |      0 |      0 |          0 |
|             (n_7)                                    |                                         design_1_zyNet_0_0_neuron__parameterized6 |         68 |         68 |       0 |    0 |   45 |      0 |      0 |          0 |
|             WM                                       |                                  design_1_zyNet_0_0_Weight_Memory__parameterized6 |        106 |        106 |       0 |    0 |    5 |      0 |      0 |          0 |
|           n_8                                        |                                         design_1_zyNet_0_0_neuron__parameterized7 |        178 |        178 |       0 |    0 |   50 |      0 |      1 |          0 |
|             (n_8)                                    |                                         design_1_zyNet_0_0_neuron__parameterized7 |         65 |         65 |       0 |    0 |   45 |      0 |      0 |          0 |
|             WM                                       |                                  design_1_zyNet_0_0_Weight_Memory__parameterized7 |        104 |        104 |       0 |    0 |    5 |      0 |      0 |          0 |
|             siginst.s1                               |                                                     design_1_zyNet_0_0_Sig_ROM_14 |          9 |          9 |       0 |    0 |    0 |      0 |      1 |          0 |
|           n_9                                        |                                         design_1_zyNet_0_0_neuron__parameterized8 |        169 |        169 |       0 |    0 |   50 |      0 |      0 |          0 |
|             (n_9)                                    |                                         design_1_zyNet_0_0_neuron__parameterized8 |         65 |         65 |       0 |    0 |   45 |      0 |      0 |          0 |
|             WM                                       |                                  design_1_zyNet_0_0_Weight_Memory__parameterized8 |        104 |        104 |       0 |    0 |    5 |      0 |      0 |          0 |
|         l2                                           |                                                        design_1_zyNet_0_0_Layer_2 |       2216 |       2216 |       0 |    0 |  934 |      0 |     10 |          0 |
|           n_0                                        |                                        design_1_zyNet_0_0_neuron__parameterized29 |        345 |        345 |       0 |    0 |   70 |      0 |      1 |          0 |
|             (n_0)                                    |                                        design_1_zyNet_0_0_neuron__parameterized29 |        277 |        277 |       0 |    0 |   63 |      0 |      0 |          0 |
|             WM                                       |                                 design_1_zyNet_0_0_Weight_Memory__parameterized29 |         60 |         60 |       0 |    0 |    7 |      0 |      0 |          0 |
|             siginst.s1                               |                                                     design_1_zyNet_0_0_Sig_ROM_13 |          9 |          9 |       0 |    0 |    0 |      0 |      1 |          0 |
|           n_1                                        |                                        design_1_zyNet_0_0_neuron__parameterized30 |         99 |         99 |       0 |    0 |   46 |      0 |      0 |          0 |
|             (n_1)                                    |                                        design_1_zyNet_0_0_neuron__parameterized30 |         48 |         48 |       0 |    0 |   39 |      0 |      0 |          0 |
|             WM                                       |                                 design_1_zyNet_0_0_Weight_Memory__parameterized30 |         52 |         52 |       0 |    0 |    7 |      0 |      0 |          0 |
|           n_10                                       |                                        design_1_zyNet_0_0_neuron__parameterized39 |        112 |        112 |       0 |    0 |   46 |      0 |      1 |          0 |
|             (n_10)                                   |                                        design_1_zyNet_0_0_neuron__parameterized39 |         52 |         52 |       0 |    0 |   39 |      0 |      0 |          0 |
|             WM                                       |                                 design_1_zyNet_0_0_Weight_Memory__parameterized39 |         52 |         52 |       0 |    0 |    7 |      0 |      0 |          0 |
|             siginst.s1                               |                                                     design_1_zyNet_0_0_Sig_ROM_12 |          9 |          9 |       0 |    0 |    0 |      0 |      1 |          0 |
|           n_11                                       |                                        design_1_zyNet_0_0_neuron__parameterized40 |         99 |         99 |       0 |    0 |   46 |      0 |      0 |          0 |
|             (n_11)                                   |                                        design_1_zyNet_0_0_neuron__parameterized40 |         48 |         48 |       0 |    0 |   39 |      0 |      0 |          0 |
|             WM                                       |                                 design_1_zyNet_0_0_Weight_Memory__parameterized40 |         52 |         52 |       0 |    0 |    7 |      0 |      0 |          0 |
|           n_12                                       |                                        design_1_zyNet_0_0_neuron__parameterized41 |        111 |        111 |       0 |    0 |   46 |      0 |      1 |          0 |
|             (n_12)                                   |                                        design_1_zyNet_0_0_neuron__parameterized41 |         51 |         51 |       0 |    0 |   39 |      0 |      0 |          0 |
|             WM                                       |                                 design_1_zyNet_0_0_Weight_Memory__parameterized41 |         52 |         52 |       0 |    0 |    7 |      0 |      0 |          0 |
|             siginst.s1                               |                                                     design_1_zyNet_0_0_Sig_ROM_11 |          9 |          9 |       0 |    0 |    0 |      0 |      1 |          0 |
|           n_13                                       |                                        design_1_zyNet_0_0_neuron__parameterized42 |        103 |        103 |       0 |    0 |   46 |      0 |      0 |          0 |
|             (n_13)                                   |                                        design_1_zyNet_0_0_neuron__parameterized42 |         52 |         52 |       0 |    0 |   39 |      0 |      0 |          0 |
|             WM                                       |                                 design_1_zyNet_0_0_Weight_Memory__parameterized42 |         52 |         52 |       0 |    0 |    7 |      0 |      0 |          0 |
|           n_14                                       |                                        design_1_zyNet_0_0_neuron__parameterized43 |         87 |         87 |       0 |    0 |   42 |      0 |      1 |          0 |
|             (n_14)                                   |                                        design_1_zyNet_0_0_neuron__parameterized43 |         43 |         43 |       0 |    0 |   37 |      0 |      0 |          0 |
|             WM                                       |                                 design_1_zyNet_0_0_Weight_Memory__parameterized43 |         35 |         35 |       0 |    0 |    5 |      0 |      0 |          0 |
|             siginst.s1                               |                                                     design_1_zyNet_0_0_Sig_ROM_10 |          9 |          9 |       0 |    0 |    0 |      0 |      1 |          0 |
|           n_15                                       |                                        design_1_zyNet_0_0_neuron__parameterized44 |         80 |         80 |       0 |    0 |   44 |      0 |      0 |          0 |
|             (n_15)                                   |                                        design_1_zyNet_0_0_neuron__parameterized44 |         55 |         55 |       0 |    0 |   38 |      0 |      0 |          0 |
|             WM                                       |                                 design_1_zyNet_0_0_Weight_Memory__parameterized44 |         25 |         25 |       0 |    0 |    6 |      0 |      0 |          0 |
|           n_16                                       |                                        design_1_zyNet_0_0_neuron__parameterized45 |        107 |        107 |       0 |    0 |   46 |      0 |      1 |          0 |
|             (n_16)                                   |                                        design_1_zyNet_0_0_neuron__parameterized45 |         47 |         47 |       0 |    0 |   39 |      0 |      0 |          0 |
|             WM                                       |                                 design_1_zyNet_0_0_Weight_Memory__parameterized45 |         52 |         52 |       0 |    0 |    7 |      0 |      0 |          0 |
|             siginst.s1                               |                                                      design_1_zyNet_0_0_Sig_ROM_9 |          9 |          9 |       0 |    0 |    0 |      0 |      1 |          0 |
|           n_17                                       |                                        design_1_zyNet_0_0_neuron__parameterized46 |         99 |         99 |       0 |    0 |   46 |      0 |      0 |          0 |
|             (n_17)                                   |                                        design_1_zyNet_0_0_neuron__parameterized46 |         48 |         48 |       0 |    0 |   39 |      0 |      0 |          0 |
|             WM                                       |                                 design_1_zyNet_0_0_Weight_Memory__parameterized46 |         52 |         52 |       0 |    0 |    7 |      0 |      0 |          0 |
|           n_18                                       |                                        design_1_zyNet_0_0_neuron__parameterized47 |        107 |        107 |       0 |    0 |   46 |      0 |      1 |          0 |
|             (n_18)                                   |                                        design_1_zyNet_0_0_neuron__parameterized47 |         51 |         51 |       0 |    0 |   39 |      0 |      0 |          0 |
|             WM                                       |                                 design_1_zyNet_0_0_Weight_Memory__parameterized47 |         52 |         52 |       0 |    0 |    7 |      0 |      0 |          0 |
|             siginst.s1                               |                                                      design_1_zyNet_0_0_Sig_ROM_8 |          5 |          5 |       0 |    0 |    0 |      0 |      1 |          0 |
|           n_19                                       |                                        design_1_zyNet_0_0_neuron__parameterized48 |        103 |        103 |       0 |    0 |   46 |      0 |      0 |          0 |
|             (n_19)                                   |                                        design_1_zyNet_0_0_neuron__parameterized48 |         52 |         52 |       0 |    0 |   39 |      0 |      0 |          0 |
|             WM                                       |                                 design_1_zyNet_0_0_Weight_Memory__parameterized48 |         52 |         52 |       0 |    0 |    7 |      0 |      0 |          0 |
|           n_2                                        |                                        design_1_zyNet_0_0_neuron__parameterized31 |         90 |         90 |       0 |    0 |   44 |      0 |      1 |          0 |
|             (n_2)                                    |                                        design_1_zyNet_0_0_neuron__parameterized31 |         56 |         56 |       0 |    0 |   38 |      0 |      0 |          0 |
|             WM                                       |                                 design_1_zyNet_0_0_Weight_Memory__parameterized31 |         25 |         25 |       0 |    0 |    6 |      0 |      0 |          0 |
|             siginst.s1                               |                                                      design_1_zyNet_0_0_Sig_ROM_7 |          9 |          9 |       0 |    0 |    0 |      0 |      1 |          0 |
|           n_3                                        |                                        design_1_zyNet_0_0_neuron__parameterized32 |        104 |        104 |       0 |    0 |   46 |      0 |      0 |          0 |
|             (n_3)                                    |                                        design_1_zyNet_0_0_neuron__parameterized32 |         53 |         53 |       0 |    0 |   39 |      0 |      0 |          0 |
|             WM                                       |                                 design_1_zyNet_0_0_Weight_Memory__parameterized32 |         52 |         52 |       0 |    0 |    7 |      0 |      0 |          0 |
|           n_4                                        |                                        design_1_zyNet_0_0_neuron__parameterized33 |        113 |        113 |       0 |    0 |   46 |      0 |      1 |          0 |
|             (n_4)                                    |                                        design_1_zyNet_0_0_neuron__parameterized33 |         53 |         53 |       0 |    0 |   39 |      0 |      0 |          0 |
|             WM                                       |                                 design_1_zyNet_0_0_Weight_Memory__parameterized33 |         52 |         52 |       0 |    0 |    7 |      0 |      0 |          0 |
|             siginst.s1                               |                                                      design_1_zyNet_0_0_Sig_ROM_6 |          9 |          9 |       0 |    0 |    0 |      0 |      1 |          0 |
|           n_5                                        |                                        design_1_zyNet_0_0_neuron__parameterized34 |        104 |        104 |       0 |    0 |   46 |      0 |      0 |          0 |
|             (n_5)                                    |                                        design_1_zyNet_0_0_neuron__parameterized34 |         53 |         53 |       0 |    0 |   39 |      0 |      0 |          0 |
|             WM                                       |                                 design_1_zyNet_0_0_Weight_Memory__parameterized34 |         52 |         52 |       0 |    0 |    7 |      0 |      0 |          0 |
|           n_6                                        |                                        design_1_zyNet_0_0_neuron__parameterized35 |        105 |        105 |       0 |    0 |   46 |      0 |      1 |          0 |
|             (n_6)                                    |                                        design_1_zyNet_0_0_neuron__parameterized35 |         45 |         45 |       0 |    0 |   39 |      0 |      0 |          0 |
|             WM                                       |                                 design_1_zyNet_0_0_Weight_Memory__parameterized35 |         52 |         52 |       0 |    0 |    7 |      0 |      0 |          0 |
|             siginst.s1                               |                                                      design_1_zyNet_0_0_Sig_ROM_5 |          9 |          9 |       0 |    0 |    0 |      0 |      1 |          0 |
|           n_7                                        |                                        design_1_zyNet_0_0_neuron__parameterized36 |         97 |         97 |       0 |    0 |   46 |      0 |      0 |          0 |
|             (n_7)                                    |                                        design_1_zyNet_0_0_neuron__parameterized36 |         46 |         46 |       0 |    0 |   39 |      0 |      0 |          0 |
|             WM                                       |                                 design_1_zyNet_0_0_Weight_Memory__parameterized36 |         52 |         52 |       0 |    0 |    7 |      0 |      0 |          0 |
|           n_8                                        |                                        design_1_zyNet_0_0_neuron__parameterized37 |        111 |        111 |       0 |    0 |   46 |      0 |      1 |          0 |
|             (n_8)                                    |                                        design_1_zyNet_0_0_neuron__parameterized37 |         51 |         51 |       0 |    0 |   39 |      0 |      0 |          0 |
|             WM                                       |                                 design_1_zyNet_0_0_Weight_Memory__parameterized37 |         52 |         52 |       0 |    0 |    7 |      0 |      0 |          0 |
|             siginst.s1                               |                                                      design_1_zyNet_0_0_Sig_ROM_4 |          9 |          9 |       0 |    0 |    0 |      0 |      1 |          0 |
|           n_9                                        |                                        design_1_zyNet_0_0_neuron__parameterized38 |         77 |         77 |       0 |    0 |   44 |      0 |      0 |          0 |
|             (n_9)                                    |                                        design_1_zyNet_0_0_neuron__parameterized38 |         52 |         52 |       0 |    0 |   38 |      0 |      0 |          0 |
|             WM                                       |                                 design_1_zyNet_0_0_Weight_Memory__parameterized38 |         25 |         25 |       0 |    0 |    6 |      0 |      0 |          0 |
|         l3                                           |                                                        design_1_zyNet_0_0_Layer_3 |       1158 |       1158 |       0 |    0 |  478 |      0 |      5 |          0 |
|           n_0                                        |                                        design_1_zyNet_0_0_neuron__parameterized49 |        242 |        242 |       0 |    0 |   58 |      0 |      1 |          0 |
|             (n_0)                                    |                                        design_1_zyNet_0_0_neuron__parameterized49 |        170 |        170 |       0 |    0 |   51 |      0 |      0 |          0 |
|             WM                                       |                                 design_1_zyNet_0_0_Weight_Memory__parameterized49 |         60 |         60 |       0 |    0 |    7 |      0 |      0 |          0 |
|             siginst.s1                               |                                                      design_1_zyNet_0_0_Sig_ROM_3 |         13 |         13 |       0 |    0 |    0 |      0 |      1 |          0 |
|           n_1                                        |                                        design_1_zyNet_0_0_neuron__parameterized50 |        102 |        102 |       0 |    0 |   46 |      0 |      0 |          0 |
|             (n_1)                                    |                                        design_1_zyNet_0_0_neuron__parameterized50 |         51 |         51 |       0 |    0 |   39 |      0 |      0 |          0 |
|             WM                                       |                                 design_1_zyNet_0_0_Weight_Memory__parameterized50 |         52 |         52 |       0 |    0 |    7 |      0 |      0 |          0 |
|           n_2                                        |                                        design_1_zyNet_0_0_neuron__parameterized51 |        112 |        112 |       0 |    0 |   48 |      0 |      1 |          0 |
|             (n_2)                                    |                                        design_1_zyNet_0_0_neuron__parameterized51 |         61 |         61 |       0 |    0 |   40 |      0 |      0 |          0 |
|             WM                                       |                                 design_1_zyNet_0_0_Weight_Memory__parameterized51 |         42 |         42 |       0 |    0 |    8 |      0 |      0 |          0 |
|             siginst.s1                               |                                                      design_1_zyNet_0_0_Sig_ROM_2 |          9 |          9 |       0 |    0 |    0 |      0 |      1 |          0 |
|           n_3                                        |                                        design_1_zyNet_0_0_neuron__parameterized52 |        105 |        105 |       0 |    0 |   48 |      0 |      0 |          0 |
|             (n_3)                                    |                                        design_1_zyNet_0_0_neuron__parameterized52 |         63 |         63 |       0 |    0 |   40 |      0 |      0 |          0 |
|             WM                                       |                                 design_1_zyNet_0_0_Weight_Memory__parameterized52 |         42 |         42 |       0 |    0 |    8 |      0 |      0 |          0 |
|           n_4                                        |                                        design_1_zyNet_0_0_neuron__parameterized53 |        109 |        109 |       0 |    0 |   46 |      0 |      1 |          0 |
|             (n_4)                                    |                                        design_1_zyNet_0_0_neuron__parameterized53 |         49 |         49 |       0 |    0 |   39 |      0 |      0 |          0 |
|             WM                                       |                                 design_1_zyNet_0_0_Weight_Memory__parameterized53 |         52 |         52 |       0 |    0 |    7 |      0 |      0 |          0 |
|             siginst.s1                               |                                                      design_1_zyNet_0_0_Sig_ROM_1 |          9 |          9 |       0 |    0 |    0 |      0 |      1 |          0 |
|           n_5                                        |                                        design_1_zyNet_0_0_neuron__parameterized54 |        103 |        103 |       0 |    0 |   46 |      0 |      0 |          0 |
|             (n_5)                                    |                                        design_1_zyNet_0_0_neuron__parameterized54 |         52 |         52 |       0 |    0 |   39 |      0 |      0 |          0 |
|             WM                                       |                                 design_1_zyNet_0_0_Weight_Memory__parameterized54 |         52 |         52 |       0 |    0 |    7 |      0 |      0 |          0 |
|           n_6                                        |                                        design_1_zyNet_0_0_neuron__parameterized55 |        111 |        111 |       0 |    0 |   46 |      0 |      1 |          0 |
|             (n_6)                                    |                                        design_1_zyNet_0_0_neuron__parameterized55 |         51 |         51 |       0 |    0 |   39 |      0 |      0 |          0 |
|             WM                                       |                                 design_1_zyNet_0_0_Weight_Memory__parameterized55 |         52 |         52 |       0 |    0 |    7 |      0 |      0 |          0 |
|             siginst.s1                               |                                                      design_1_zyNet_0_0_Sig_ROM_0 |          9 |          9 |       0 |    0 |    0 |      0 |      1 |          0 |
|           n_7                                        |                                        design_1_zyNet_0_0_neuron__parameterized56 |        103 |        103 |       0 |    0 |   46 |      0 |      0 |          0 |
|             (n_7)                                    |                                        design_1_zyNet_0_0_neuron__parameterized56 |         52 |         52 |       0 |    0 |   39 |      0 |      0 |          0 |
|             WM                                       |                                 design_1_zyNet_0_0_Weight_Memory__parameterized56 |         52 |         52 |       0 |    0 |    7 |      0 |      0 |          0 |
|           n_8                                        |                                        design_1_zyNet_0_0_neuron__parameterized57 |        106 |        106 |       0 |    0 |   46 |      0 |      1 |          0 |
|             (n_8)                                    |                                        design_1_zyNet_0_0_neuron__parameterized57 |         50 |         50 |       0 |    0 |   39 |      0 |      0 |          0 |
|             WM                                       |                                 design_1_zyNet_0_0_Weight_Memory__parameterized57 |         52 |         52 |       0 |    0 |    7 |      0 |      0 |          0 |
|             siginst.s1                               |                                                        design_1_zyNet_0_0_Sig_ROM |          5 |          5 |       0 |    0 |    0 |      0 |      1 |          0 |
|           n_9                                        |                                        design_1_zyNet_0_0_neuron__parameterized58 |        104 |        104 |       0 |    0 |   48 |      0 |      0 |          0 |
|             (n_9)                                    |                                        design_1_zyNet_0_0_neuron__parameterized58 |         62 |         62 |       0 |    0 |   40 |      0 |      0 |          0 |
|             WM                                       |                                 design_1_zyNet_0_0_Weight_Memory__parameterized58 |         42 |         42 |       0 |    0 |    8 |      0 |      0 |          0 |
|         mFind                                        |                                                      design_1_zyNet_0_0_maxFinder |         80 |         80 |       0 |    0 |  153 |      0 |      0 |          0 |
+------------------------------------------------------+-----------------------------------------------------------------------------------+------------+------------+---------+------+------+--------+--------+------------+


